// Jest Snapshot v1, https://goo.gl/fbAQLP

exports[`CreateResourceScreen matches the snapshot 1`] = `
<RCTScrollView>
  <View>
    <View
      onLayout={[Function]}
      style={
        [
          {
            "alignItems": "center",
            "flex": 1,
          },
          {
            "paddingBottom": 0,
          },
        ]
      }
    >
      <Text
        style={
          {
            "color": "#002857",
            "fontSize": 30,
            "marginBottom": 20,
            "marginTop": 20,
          }
        }
      >
        Create Resource
      </Text>
      <View
        style={
          {
            "justifyContent": "center",
          }
        }
      >
        <View
          style={
            [
              {
                "backgroundColor": "rgba(231, 224, 236, 1)",
                "borderTopLeftRadius": 4,
                "borderTopRightRadius": 4,
              },
              {
                "backgroundColor": "#E8E8E8",
                "marginBottom": 20,
                "minWidth": 300,
              },
            ]
          }
        >
          <View
            collapsable={false}
            style={
              {
                "backgroundColor": "rgba(73, 69, 79, 1)",
                "bottom": 0,
                "height": 1,
                "left": 0,
                "position": "absolute",
                "right": 0,
                "transform": [
                  {
                    "scaleY": 0.5,
                  },
                ],
                "zIndex": 1,
              }
            }
            testID="text-input-underline"
          />
          <View
            onLayout={[Function]}
            style={
              [
                {
                  "paddingBottom": 0,
                  "paddingTop": 0,
                },
                {
                  "minHeight": 56,
                },
              ]
            }
          >
            <TextInput
              autoCapitalize="words"
              cursorColor="#002857"
              editable={true}
              enablesReturnKeyAutomatically={true}
              maxFontSizeMultiplier={1.5}
              maxLength={100}
              multiline={false}
              onBlur={[Function]}
              onChangeText={[Function]}
              onFocus={[Function]}
              placeholder="Title"
              placeholderTextColor="rgba(73, 69, 79, 1)"
              selectionColor="#002857"
              style={
                [
                  {
                    "margin": 0,
                  },
                  {
                    "height": 56,
                  },
                  {
                    "paddingBottom": 0,
                    "paddingTop": 0,
                  },
                  {
                    "color": "rgba(28, 27, 31, 1)",
                    "fontFamily": "System",
                    "fontSize": 15,
                    "fontWeight": "bold",
                    "letterSpacing": 0.15,
                    "lineHeight": undefined,
                    "minWidth": 65,
                    "paddingLeft": 16,
                    "paddingRight": 16,
                    "textAlign": "left",
                    "textAlignVertical": "center",
                  },
                  false,
                  [
                    {},
                  ],
                  undefined,
                ]
              }
              testID="text-input-flat"
              underlineColorAndroid="transparent"
              value=""
            />
          </View>
        </View>
        <View
          style={
            [
              {
                "backgroundColor": "rgba(231, 224, 236, 1)",
                "borderTopLeftRadius": 4,
                "borderTopRightRadius": 4,
              },
              {
                "backgroundColor": "#E8E8E8",
                "marginBottom": 20,
                "minWidth": 300,
              },
            ]
          }
        >
          <View
            collapsable={false}
            style={
              {
                "backgroundColor": "rgba(73, 69, 79, 1)",
                "bottom": 0,
                "height": 1,
                "left": 0,
                "position": "absolute",
                "right": 0,
                "transform": [
                  {
                    "scaleY": 0.5,
                  },
                ],
                "zIndex": 1,
              }
            }
            testID="text-input-underline"
          />
          <View
            onLayout={[Function]}
            style={
              [
                {
                  "paddingBottom": 0,
                  "paddingTop": 0,
                },
                {
                  "minHeight": 56,
                },
              ]
            }
          >
            <TextInput
              cursorColor="#002857"
              editable={true}
              enablesReturnKeyAutomatically={true}
              maxFontSizeMultiplier={1.5}
              maxLength={5000}
              multiline={true}
              numberOfLines={4}
              onBlur={[Function]}
              onChangeText={[Function]}
              onFocus={[Function]}
              placeholder="Content"
              placeholderTextColor="rgba(73, 69, 79, 1)"
              selectionColor="#002857"
              style={
                [
                  {
                    "margin": 0,
                  },
                  {},
                  {
                    "paddingBottom": 23,
                    "paddingTop": 23,
                  },
                  {
                    "color": "rgba(28, 27, 31, 1)",
                    "fontFamily": "System",
                    "fontSize": 15,
                    "fontWeight": "bold",
                    "letterSpacing": 0.15,
                    "lineHeight": undefined,
                    "minWidth": 65,
                    "paddingLeft": 16,
                    "paddingRight": 16,
                    "textAlign": "left",
                    "textAlignVertical": "top",
                  },
                  false,
                  [
                    {},
                  ],
                  undefined,
                ]
              }
              testID="text-input-flat"
              underlineColorAndroid="transparent"
              value=""
            />
          </View>
        </View>
        <View
          style={
            [
              {
                "backgroundColor": "rgba(231, 224, 236, 1)",
                "borderTopLeftRadius": 4,
                "borderTopRightRadius": 4,
              },
              {
                "backgroundColor": "#E8E8E8",
                "marginBottom": 20,
                "minWidth": 300,
              },
            ]
          }
        >
          <View
            collapsable={false}
            style={
              {
                "backgroundColor": "rgba(73, 69, 79, 1)",
                "bottom": 0,
                "height": 1,
                "left": 0,
                "position": "absolute",
                "right": 0,
                "transform": [
                  {
                    "scaleY": 0.5,
                  },
                ],
                "zIndex": 1,
              }
            }
            testID="text-input-underline"
          />
          <View
            onLayout={[Function]}
            style={
              [
                {
                  "paddingBottom": 0,
                  "paddingTop": 0,
                },
                {
                  "minHeight": 56,
                },
              ]
            }
          >
            <TextInput
              autoCapitalize="words"
              cursorColor="#002857"
              editable={true}
              maxFontSizeMultiplier={1.5}
              maxLength={5000}
              multiline={false}
              onBlur={[Function]}
              onChangeText={[Function]}
              onFocus={[Function]}
              placeholder="Tags (comma separated)"
              placeholderTextColor="rgba(73, 69, 79, 1)"
              selectionColor="#002857"
              style={
                [
                  {
                    "margin": 0,
                  },
                  {
                    "height": 56,
                  },
                  {
                    "paddingBottom": 0,
                    "paddingTop": 0,
                  },
                  {
                    "color": "rgba(28, 27, 31, 1)",
                    "fontFamily": "System",
                    "fontSize": 15,
                    "fontWeight": undefined,
                    "letterSpacing": 0.15,
                    "lineHeight": undefined,
                    "minWidth": 65,
                    "paddingLeft": 16,
                    "paddingRight": 16,
                    "textAlign": "left",
                    "textAlignVertical": "center",
                  },
                  false,
                  [
                    {},
                  ],
                  undefined,
                ]
              }
              testID="text-input-flat"
              underlineColorAndroid="transparent"
              value=""
            />
          </View>
        </View>
        <View
          collapsable={false}
          style={
            {
              "alignSelf": "center",
              "backgroundColor": "#002857",
              "borderRadius": 100,
              "marginTop": 20,
              "shadowColor": "#000",
              "shadowOffset": {
                "height": 0,
                "width": 0,
              },
              "shadowOpacity": 0,
              "shadowRadius": 0,
              "width": "80%",
            }
          }
          testID="button-container-outer-layer"
        >
          <View
            collapsable={false}
            style={
              {
                "alignItems": "center",
                "backgroundColor": "#002857",
                "borderColor": "transparent",
                "borderRadius": 100,
                "borderStyle": "solid",
                "borderWidth": 0,
                "flex": undefined,
                "minWidth": 64,
                "shadowColor": "#000",
                "shadowOffset": {
                  "height": 0,
                  "width": 0,
                },
                "shadowOpacity": 0,
                "shadowRadius": 0,
              }
            }
            testID="button-container"
          >
            <View
              accessibilityRole="button"
              accessibilityState={
                {
                  "busy": undefined,
                  "checked": undefined,
                  "disabled": false,
                  "expanded": undefined,
                  "selected": undefined,
                }
              }
              accessibilityValue={
                {
                  "max": undefined,
                  "min": undefined,
                  "now": undefined,
                  "text": undefined,
                }
              }
              accessible={true}
              collapsable={false}
              focusable={true}
              onBlur={[Function]}
              onClick={[Function]}
              onFocus={[Function]}
              onResponderGrant={[Function]}
              onResponderMove={[Function]}
              onResponderRelease={[Function]}
              onResponderTerminate={[Function]}
              onResponderTerminationRequest={[Function]}
              onStartShouldSetResponder={[Function]}
              style={
                [
                  {
                    "overflow": "hidden",
                  },
                  {
                    "borderRadius": 100,
                  },
                ]
              }
              testID="button"
            >
              <View
                style={
                  [
                    {
                      "alignItems": "center",
                      "flexDirection": "row",
                      "justifyContent": "center",
                    },
                    undefined,
                  ]
                }
              >
                <Text
                  numberOfLines={1}
                  selectable={false}
                  style={
                    [
                      {
                        "textAlign": "left",
                      },
                      {
                        "color": "rgba(28, 27, 31, 1)",
                        "writingDirection": "ltr",
                      },
                      [
                        {
                          "fontFamily": "System",
                          "fontSize": 14,
                          "fontWeight": "500",
                          "letterSpacing": 0.1,
                          "lineHeight": 20,
                        },
                        [
                          {
                            "marginHorizontal": 16,
                            "marginVertical": 9,
                            "textAlign": "center",
                          },
                          false,
                          {
                            "marginHorizontal": 24,
                            "marginVertical": 10,
                          },
                          undefined,
                          false,
                          {
                            "color": "#ffffff",
                            "fontFamily": "System",
                            "fontSize": 14,
                            "fontWeight": "500",
                            "letterSpacing": 0.1,
                            "lineHeight": 20,
                          },
                          {
                            "fontSize": 20,
                            "height": "auto",
                            "width": "100%",
                          },
                        ],
                      ],
                    ]
                  }
                  testID="button-text"
                >
                  Create
                </Text>
              </View>
            </View>
          </View>
        </View>
      </View>
    </View>
  </View>
</RCTScrollView>
`;
