// Jest Snapshot v1, https://goo.gl/fbAQLP

exports[`PrivacyPolicy matches the snapshot 1`] = `
<View
  style={
    {
      "alignItems": "center",
      "flex": 1,
      "justifyContent": "center",
    }
  }
>
  <Text
    style={
      {
        "fontSize": 25,
      }
    }
  >
    Terms of Use
  </Text>
  <Text>
    Coming soon.
  </Text>
</View>
`;
